>> python3 scripts/lc2_pipeline.py --workdir example_output --prefix gtex_demo ...
Using 6 pre-made junction BED files

>> python3 tools/leafcutter2/scripts/leafcutter_make_clusters.py -j clusters/gtex_demo_junction_files.txt -m 50 -o gtex_demo -r clusters/ -l 500000
Sorting...
Merging...
Refining clusters...
Wrote 120 clusters

>> python3 tools/leafcutter2/scripts/leafcutter2.py -j clusters/gtex_demo_junction_files.txt -r lc2 -o gtex_demo_lc2 -A refs/gencode.v46.annotation.gtf -G refs/GRCh38.fa -m 50 -l 500000 --keepannot
Loading genome refs/GRCh38.fa ...done!
Classifying splice junctions...
Loading annotation from refs/gencode.v46.annotation.gtf ...
2026-03-18 14:22:01 pool_junc_reads ...
2026-03-18 14:22:03 Refine clusters ...
Sorting lc2/clustering/gtex_demo_lc2_sortedlibs ...
2026-03-18 14:22:15 Merging ...
Extracting numerators ...
 ... 10000 introns annotated.
 ... 20000 introns annotated.
2026-03-18 14:25:33 Annotation done.
Annotated 24317 introns.
Filtered out 1823 introns with stdev(reads) < 0.5 or zero usage.

2026-03-18 14:25:34 Done.

[TISSUE] 2 tissues, weighted mean = 3.85%
[TISSUE] TSV:  example_output/out/unproductive_by_tissue.tsv
[TISSUE] PNG:  example_output/out/unproductive_by_tissue.png
[TISSUE] JSON: example_output/out/unproductive_by_tissue.json

Done.
- LC2 cluster ratios: example_output/lc2/gtex_demo_lc2.cluster_ratios.gz
- LC2 junction counts: example_output/lc2/gtex_demo_lc2.junction_counts.gz
- Summary: example_output/out/summary.json
